C:\Users\m\Desktop\project\project\src\main\java\com\mycompany\project\Member_Main.java
C:\Users\m\Desktop\project\project\src\main\java\com\mycompany\project\Subscribtion.java
C:\Users\m\Desktop\project\project\src\main\java\com\mycompany\project\manageMember.java
C:\Users\m\Desktop\project\project\src\main\java\com\mycompany\project\SQLConnection.java
C:\Users\m\Desktop\project\project\src\main\java\com\mycompany\project\Member_Schedule.java
C:\Users\m\Desktop\project\project\src\main\java\com\mycompany\project\Member.java
C:\Users\m\Desktop\project\project\src\main\java\com\mycompany\project\assignMember.java
C:\Users\m\Desktop\project\project\src\main\java\com\mycompany\project\memberUpdate.java
C:\Users\m\Desktop\project\project\src\main\java\com\mycompany\project\Coach_Main.java
C:\Users\m\Desktop\project\project\src\main\java\com\mycompany\project\LoginPage.java
C:\Users\m\Desktop\project\project\src\main\java\com\mycompany\project\Coach_Plan.java
C:\Users\m\Desktop\project\project\src\main\java\com\mycompany\project\LoginPageC.java
C:\Users\m\Desktop\project\project\src\main\java\com\mycompany\project\CoachDelete.java
C:\Users\m\Desktop\project\project\src\main\java\com\mycompany\project\Coach.java
C:\Users\m\Desktop\project\project\src\main\java\com\mycompany\project\subEnd.java
C:\Users\m\Desktop\project\project\src\main\java\com\mycompany\project\ManageCoaches.java
C:\Users\m\Desktop\project\project\src\main\java\com\mycompany\project\AdminGUI.java
C:\Users\m\Desktop\project\project\src\main\java\com\mycompany\project\MembersList.java
C:\Users\m\Desktop\project\project\src\main\java\com\mycompany\project\Profile.java
C:\Users\m\Desktop\project\project\src\main\java\com\mycompany\project\memberAdd.java
C:\Users\m\Desktop\project\project\src\main\java\com\mycompany\project\Coach_Send_Message.java
C:\Users\m\Desktop\project\project\src\main\java\com\mycompany\project\Search.java
C:\Users\m\Desktop\project\project\src\main\java\com\mycompany\project\Admin.java
C:\Users\m\Desktop\project\project\src\main\java\com\mycompany\project\CoachesUpdate.java
C:\Users\m\Desktop\project\project\src\main\java\com\mycompany\project\CoachesList.java
C:\Users\m\Desktop\project\project\src\main\java\com\mycompany\project\memberDelete.java
C:\Users\m\Desktop\project\project\src\main\java\com\mycompany\project\pricingManagament.java
C:\Users\m\Desktop\project\project\src\main\java\com\mycompany\project\CoachAdd.java
C:\Users\m\Desktop\project\project\src\main\java\com\mycompany\project\CoachesSearch.java
